// Jest Snapshot v1, https://goo.gl/fbAQLP

exports[`Success renders 1`] = `ShallowWrapper {}`;

exports[`Success snapshot test fails if content is not equal to previous run 1`] = `"Details Successfully SavedTime: 1566827387172"`;

exports[`Success with mocked date snapshot test no longer fails if content is mocked, so equal to previous run 1`] = `"Details Successfully SavedTime: 465873600000"`;
